Archive member included to satisfy reference by file (symbol)

C:/ST/STM32CubeIDE_1.13.2/STM32CubeIDE/plugins/com.st.stm32cube.ide.mcu.externaltools.gnu-tools-for-stm32.12.3.rel1.win32_1.0.100.202403111256/tools/bin/../lib/gcc/arm-none-eabi/12.3.1/../../../../arm-none-eabi/lib/thumb/v7e-m+fp/hard\libc_nano.a(libc_a-exit.o)
                              C:/ST/STM32CubeIDE_1.13.2/STM32CubeIDE/plugins/com.st.stm32cube.ide.mcu.externaltools.gnu-tools-for-stm32.12.3.rel1.win32_1.0.100.202403111256/tools/bin/../lib/gcc/arm-none-eabi/12.3.1/../../../../arm-none-eabi/lib/thumb/v7e-m+fp/hard/crt0.o (exit)
C:/ST/STM32CubeIDE_1.13.2/STM32CubeIDE/plugins/com.st.stm32cube.ide.mcu.externaltools.gnu-tools-for-stm32.12.3.rel1.win32_1.0.100.202403111256/tools/bin/../lib/gcc/arm-none-eabi/12.3.1/../../../../arm-none-eabi/lib/thumb/v7e-m+fp/hard\libc_nano.a(libc_a-findfp.o)
                              C:/ST/STM32CubeIDE_1.13.2/STM32CubeIDE/plugins/com.st.stm32cube.ide.mcu.externaltools.gnu-tools-for-stm32.12.3.rel1.win32_1.0.100.202403111256/tools/bin/../lib/gcc/arm-none-eabi/12.3.1/../../../../arm-none-eabi/lib/thumb/v7e-m+fp/hard\libc_nano.a(libc_a-exit.o) (__stdio_exit_handler)
C:/ST/STM32CubeIDE_1.13.2/STM32CubeIDE/plugins/com.st.stm32cube.ide.mcu.externaltools.gnu-tools-for-stm32.12.3.rel1.win32_1.0.100.202403111256/tools/bin/../lib/gcc/arm-none-eabi/12.3.1/../../../../arm-none-eabi/lib/thumb/v7e-m+fp/hard\libc_nano.a(libc_a-fwalk.o)
                              C:/ST/STM32CubeIDE_1.13.2/STM32CubeIDE/plugins/com.st.stm32cube.ide.mcu.externaltools.gnu-tools-for-stm32.12.3.rel1.win32_1.0.100.202403111256/tools/bin/../lib/gcc/arm-none-eabi/12.3.1/../../../../arm-none-eabi/lib/thumb/v7e-m+fp/hard\libc_nano.a(libc_a-findfp.o) (_fwalk_sglue)
C:/ST/STM32CubeIDE_1.13.2/STM32CubeIDE/plugins/com.st.stm32cube.ide.mcu.externaltools.gnu-tools-for-stm32.12.3.rel1.win32_1.0.100.202403111256/tools/bin/../lib/gcc/arm-none-eabi/12.3.1/../../../../arm-none-eabi/lib/thumb/v7e-m+fp/hard\libc_nano.a(libc_a-stdio.o)
                              C:/ST/STM32CubeIDE_1.13.2/STM32CubeIDE/plugins/com.st.stm32cube.ide.mcu.externaltools.gnu-tools-for-stm32.12.3.rel1.win32_1.0.100.202403111256/tools/bin/../lib/gcc/arm-none-eabi/12.3.1/../../../../arm-none-eabi/lib/thumb/v7e-m+fp/hard\libc_nano.a(libc_a-findfp.o) (__sread)
C:/ST/STM32CubeIDE_1.13.2/STM32CubeIDE/plugins/com.st.stm32cube.ide.mcu.externaltools.gnu-tools-for-stm32.12.3.rel1.win32_1.0.100.202403111256/tools/bin/../lib/gcc/arm-none-eabi/12.3.1/../../../../arm-none-eabi/lib/thumb/v7e-m+fp/hard\libc_nano.a(libc_a-memset.o)
                              C:/ST/STM32CubeIDE_1.13.2/STM32CubeIDE/plugins/com.st.stm32cube.ide.mcu.externaltools.gnu-tools-for-stm32.12.3.rel1.win32_1.0.100.202403111256/tools/bin/../lib/gcc/arm-none-eabi/12.3.1/../../../../arm-none-eabi/lib/thumb/v7e-m+fp/hard/crt0.o (memset)
C:/ST/STM32CubeIDE_1.13.2/STM32CubeIDE/plugins/com.st.stm32cube.ide.mcu.externaltools.gnu-tools-for-stm32.12.3.rel1.win32_1.0.100.202403111256/tools/bin/../lib/gcc/arm-none-eabi/12.3.1/../../../../arm-none-eabi/lib/thumb/v7e-m+fp/hard\libc_nano.a(libc_a-closer.o)
                              C:/ST/STM32CubeIDE_1.13.2/STM32CubeIDE/plugins/com.st.stm32cube.ide.mcu.externaltools.gnu-tools-for-stm32.12.3.rel1.win32_1.0.100.202403111256/tools/bin/../lib/gcc/arm-none-eabi/12.3.1/../../../../arm-none-eabi/lib/thumb/v7e-m+fp/hard\libc_nano.a(libc_a-stdio.o) (_close_r)
C:/ST/STM32CubeIDE_1.13.2/STM32CubeIDE/plugins/com.st.stm32cube.ide.mcu.externaltools.gnu-tools-for-stm32.12.3.rel1.win32_1.0.100.202403111256/tools/bin/../lib/gcc/arm-none-eabi/12.3.1/../../../../arm-none-eabi/lib/thumb/v7e-m+fp/hard\libc_nano.a(libc_a-reent.o)
                              C:/ST/STM32CubeIDE_1.13.2/STM32CubeIDE/plugins/com.st.stm32cube.ide.mcu.externaltools.gnu-tools-for-stm32.12.3.rel1.win32_1.0.100.202403111256/tools/bin/../lib/gcc/arm-none-eabi/12.3.1/../../../../arm-none-eabi/lib/thumb/v7e-m+fp/hard\libc_nano.a(libc_a-closer.o) (errno)
C:/ST/STM32CubeIDE_1.13.2/STM32CubeIDE/plugins/com.st.stm32cube.ide.mcu.externaltools.gnu-tools-for-stm32.12.3.rel1.win32_1.0.100.202403111256/tools/bin/../lib/gcc/arm-none-eabi/12.3.1/../../../../arm-none-eabi/lib/thumb/v7e-m+fp/hard\libc_nano.a(libc_a-impure.o)
                              C:/ST/STM32CubeIDE_1.13.2/STM32CubeIDE/plugins/com.st.stm32cube.ide.mcu.externaltools.gnu-tools-for-stm32.12.3.rel1.win32_1.0.100.202403111256/tools/bin/../lib/gcc/arm-none-eabi/12.3.1/../../../../arm-none-eabi/lib/thumb/v7e-m+fp/hard\libc_nano.a(libc_a-reent.o) (_impure_ptr)
C:/ST/STM32CubeIDE_1.13.2/STM32CubeIDE/plugins/com.st.stm32cube.ide.mcu.externaltools.gnu-tools-for-stm32.12.3.rel1.win32_1.0.100.202403111256/tools/bin/../lib/gcc/arm-none-eabi/12.3.1/../../../../arm-none-eabi/lib/thumb/v7e-m+fp/hard\libc_nano.a(libc_a-lseekr.o)
[...]
Memory Configuration

Name             Origin             Length             Attributes
RAM              0x20000000         0x00018000         xrw
FLASH            0x08000000         0x00080000         xr
*default*        0x00000000         0xffffffff

Linker script and memory map

LOAD C:/ST/STM32CubeIDE_1.13.2/STM32CubeIDE/plugins/com.st.stm32cube.ide.mcu.externaltools.gnu-tools-for-stm32.12.3.rel1.win32_1.0.100.202403111256/tools/bin/../lib/gcc/arm-none-eabi/12.3.1/thumb/v7e-m+fp/hard/crti.o
LOAD C:/ST/STM32CubeIDE_1.13.2/STM32CubeIDE/plugins/com.st.stm32cube.ide.mcu.externaltools.gnu-tools-for-stm32.12.3.rel1.win32_1.0.100.202403111256/tools/bin/../lib/gcc/arm-none-eabi/12.3.1/thumb/v7e-m+fp/hard/crtbegin.o
LOAD C:/ST/STM32CubeIDE_1.13.2/STM32CubeIDE/plugins/com.st.stm32cube.ide.mcu.externaltools.gnu-tools-for-stm32.12.3.rel1.win32_1.0.100.202403111256/tools/bin/../lib/gcc/arm-none-eabi/12.3.1/../../../../arm-none-eabi/lib/thumb/v7e-m+fp/hard/crt0.o
LOAD ./Core/Src/fatfs_sd.o
LOAD ./Core/Src/main.o
LOAD ./Core/Src/stm32f4xx_hal_msp.o
LOAD ./Core/Src/stm32f4xx_it.o
LOAD ./Core/Src/syscalls.o
LOAD ./Core/Src/sysmem.o
LOAD ./Core/Src/system_stm32f4xx.o
LOAD ./Core/Startup/startup_stm32f401retx.o
LOAD ./Drivers/STM32F4xx_HAL_Driver/Src/stm32f4xx_hal.o
LOAD ./Drivers/STM32F4xx_HAL_Driver/Src/stm32f4xx_hal_cortex.o
LOAD ./Drivers/STM32F4xx_HAL_Driver/Src/stm32f4xx_hal_dma.o
LOAD ./Drivers/STM32F4xx_HAL_Driver/Src/stm32f4xx_hal_dma_ex.o
LOAD ./Drivers/STM32F4xx_HAL_Driver/Src/stm32f4xx_hal_exti.o
LOAD ./Drivers/STM32F4xx_HAL_Driver/Src/stm32f4xx_hal_flash.o
LOAD ./Drivers/STM32F4xx_HAL_Driver/Src/stm32f4xx_hal_flash_ex.o
LOAD ./Drivers/STM32F4xx_HAL_Driver/Src/stm32f4xx_hal_flash_ramfunc.o
LOAD ./Drivers/STM32F4xx_HAL_Driver/Src/stm32f4xx_hal_gpio.o
LOAD ./Drivers/STM32F4xx_HAL_Driver/Src/stm32f4xx_hal_pwr.o
LOAD ./Drivers/STM32F4xx_HAL_Driver/Src/stm32f4xx_hal_pwr_ex.o
LOAD ./Drivers/STM32F4xx_HAL_Driver/Src/stm32f4xx_hal_rcc.o
LOAD ./Drivers/STM32F4xx_HAL_Driver/Src/stm32f4xx_hal_rcc_ex.o
LOAD ./Drivers/STM32F4xx_HAL_Driver/Src/stm32f4xx_hal_spi.o
LOAD ./Drivers/STM32F4xx_HAL_Driver/Src/stm32f4xx_hal_tim.o
LOAD ./Drivers/STM32F4xx_HAL_Driver/Src/stm32f4xx_hal_tim_ex.o
LOAD ./Drivers/STM32F4xx_HAL_Driver/Src/stm32f4xx_hal_uart.o
LOAD ./FATFS/App/fatfs.o
LOAD ./FATFS/Target/user_diskio.o
LOAD ./Middlewares/Third_Party/FatFs/src/diskio.o
LOAD ./Middlewares/Third_Party/FatFs/src/ff.o
LOAD ./Middlewares/Third_Party/FatFs/src/ff_gen_drv.o
LOAD ./Middlewares/Third_Party/FatFs/src/option/syscall.o
START GROUP
LOAD C:/ST/STM32CubeIDE_1.13.2/STM32CubeIDE/plugins/com.st.stm32cube.ide.mcu.externaltools.gnu-tools-for-stm32.12.3.rel1.win32_1.0.100.202403111256/tools/bin/../lib/gcc/arm-none-eabi/12.3.1/../../../../arm-none-eabi/lib/thumb/v7e-m+fp/hard\libc_nano.a
LOAD C:/ST/STM32CubeIDE_1.13.2/STM32CubeIDE/plugins/com.st.stm32cube.ide.mcu.externaltools.gnu-tools-for-stm32.12.3.rel1.win32_1.0.100.202403111256/tools/bin/../lib/gcc/arm-none-eabi/12.3.1/../../../../arm-none-eabi/lib/thumb/v7e-m+fp/hard\libm.a
END GROUP
START GROUP
LOAD C:/ST/STM32CubeIDE_1.13.2/STM32CubeIDE/plugins/com.st.stm32cube.ide.mcu.externaltools.gnu-tools-for-stm32.12.3.rel1.win32_1.0.100.202403111256/tools/bin/../lib/gcc/arm-none-eabi/12.3.1/thumb/v7e-m+fp/hard\libgcc.a
LOAD C:/ST/STM32CubeIDE_1.13.2/STM32CubeIDE/plugins/com.st.stm32cube.ide.mcu.externaltools.gnu-tools-for-stm32.12.3.rel1.win32_1.0.100.202403111256/tools/bin/../lib/gcc/arm-none-eabi/12.3.1/../../../../arm-none-eabi/lib/thumb/v7e-m+fp/hard\libc_nano.a
END GROUP
START GROUP
LOAD C:/ST/STM32CubeIDE_1.13.2/STM32CubeIDE/plugins/com.st.stm32cube.ide.mcu.externaltools.gnu-tools-for-stm32.12.3.rel1.win32_1.0.100.202403111256/tools/bin/../lib/gcc/arm-none-eabi/12.3.1/thumb/v7e-m+fp/hard\libgcc.a
LOAD C:/ST/STM32CubeIDE_1.13.2/STM32CubeIDE/plugins/com.st.stm32cube.ide.mcu.externaltools.gnu-tools-for-stm32.12.3.rel1.win32_1.0.100.202403111256/tools/bin/../lib/gcc/arm-none-eabi/12.3.1/../../../../arm-none-eabi/lib/thumb/v7e-m+fp/hard\libc_nano.a
LOAD C:/ST/STM32CubeIDE_1.13.2/STM32CubeIDE/plugins/com.st.stm32cube.ide.mcu.externaltools.gnu-tools-for-stm32.12.3.rel1.win32_1.0.100.202403111256/tools/bin/../lib/gcc/arm-none-eabi/12.3.1/../../../../arm-none-eabi/lib/thumb/v7e-m+fp/hard\libnosys.a
END GROUP
START GROUP
LOAD C:/ST/STM32CubeIDE_1.13.2/STM32CubeIDE/plugins/com.st.stm32cube.ide.mcu.externaltools.gnu-tools-for-stm32.12.3.rel1.win32_1.0.100.202403111256/tools/bin/../lib/gcc/arm-none-eabi/12.3.1/thumb/v7e-m+fp/hard\libgcc.a
LOAD C:/ST/STM32CubeIDE_1.13.2/STM32CubeIDE/plugins/com.st.stm32cube.ide.mcu.externaltools.gnu-tools-for-stm32.12.3.rel1.win32_1.0.100.202403111256/tools/bin/../lib/gcc/arm-none-eabi/12.3.1/../../../../arm-none-eabi/lib/thumb/v7e-m+fp/hard\libc_nano.a
LOAD C:/ST/STM32CubeIDE_1.13.2/STM32CubeIDE/plugins/com.st.stm32cube.ide.mcu.externaltools.gnu-tools-for-stm32.12.3.rel1.win32_1.0.100.202403111256/tools/bin/../lib/gcc/arm-none-eabi/12.3.1/../../../../arm-none-eabi/lib/thumb/v7e-m+fp/hard\libnosys.a
END GROUP
LOAD C:/ST/STM32CubeIDE_1.13.2/STM32CubeIDE/plugins/com.st.stm32cube.ide.mcu.externaltools.gnu-tools-for-stm32.12.3.rel1.win32_1.0.100.202403111256/tools/bin/../lib/gcc/arm-none-eabi/12.3.1/thumb/v7e-m+fp/hard/crtend.o
LOAD C:/ST/STM32CubeIDE_1.13.2/STM32CubeIDE/plugins/com.st.stm32cube.ide.mcu.externaltools.gnu-tools-for-stm32.12.3.rel1.win32_1.0.100.202403111256/tools/bin/../lib/gcc/arm-none-eabi/12.3.1/thumb/v7e-m+fp/hard/crtn.o
                0x20018000                        _estack = (ORIGIN (RAM) + LENGTH (RAM))
                0x00000200                        _Min_Heap_Size = 0x200
                0x00000400                        _Min_Stack_Size = 0x400

.isr_vector     0x08000000      0x194
                0x08000000                        . = ALIGN (0x4)
 *(.isr_vector)
 .isr_vector    0x08000000      0x194 ./Core/Startup/startup_stm32f401retx.o
                0x08000000                g_pfnVectors
                0x08000194                        . = ALIGN (0x4)

.text           0x08000194     0x3228
                0x08000194                        . = ALIGN (0x4)
 *(.text)
 .text          0x08000194       0x40 C:/ST/STM32CubeIDE_1.13.2/STM32CubeIDE/plugins/com.st.stm32cube.ide.mcu.externaltools.gnu-tools-for-stm32.12.3.rel1.win32_1.0.100.202403111256/tools/bin/../lib/gcc/arm-none-eabi/12.3.1/thumb/v7e-m+fp/hard/crtbegin.o
 .text          0x080001d4       0x30 C:/ST/STM32CubeIDE_1.13.2/STM32CubeIDE/plugins/com.st.stm32cube.ide.mcu.externaltools.gnu-tools-for-stm32.12.3.rel1.win32_1.0.100.202403111256/tools/bin/../lib/gcc/arm-none-eabi/12.3.1/thumb/v7e-m+fp/hard\libgcc.a(_aeabi_uldivmod.o)
                0x080001d4                __aeabi_uldivmod
 .text          0x08000204      0x2bc C:/ST/STM32CubeIDE_1.13.2/STM32CubeIDE/plugins/com.st.stm32cube.ide.mcu.externaltools.gnu-tools-for-stm32.12.3.rel1.win32_1.0.100.202403111256/tools/bin/../lib/gcc/arm-none-eabi/12.3.1/thumb/v7e-m+fp/hard\libgcc.a(_udivmoddi4.o)
                0x08000204                __udivmoddi4
 .text          0x080004c0        0x4 C:/ST/STM32CubeIDE_1.13.2/STM32CubeIDE/plugins/com.st.stm32cube.ide.mcu.externaltools.gnu-tools-for-stm32.12.3.rel1.win32_1.0.100.202403111256/tools/bin/../lib/gcc/arm-none-eabi/12.3.1/thumb/v7e-m+fp/hard\libgcc.a(_dvmd_tls.o)
                0x080004c0                __aeabi_idiv0
                0x080004c0                __aeabi_ldiv0
 *(.text*)
 .text.SELECT   0x080004c4       0x1c ./Core/Src/fatfs_sd.o
 .text.DESELECT
                0x080004e0       0x1c ./Core/Src/fatfs_sd.o
 .text.SPI_TxByte
                0x080004fc       0x34 ./Core/Src/fatfs_sd.o
 .text.SPI_TxBuffer
                0x08000530       0x34 ./Core/Src/fatfs_sd.o
 .text.SPI_RxByte
                0x08000564       0x38 ./Core/Src/fatfs_sd.o
 .text.SPI_RxBytePtr
                0x0800059c       0x1c ./Core/Src/fatfs_sd.o
 .text.SD_ReadyWait
                0x080005b8       0x34 ./Core/Src/fatfs_sd.o
 .text.SD_PowerOn
                0x080005ec       0x84 ./Core/Src/fatfs_sd.o
 .text.SD_PowerOff
                0x08000670       0x18 ./Core/Src/fatfs_sd.o
 .text.SD_CheckPower
                0x08000688       0x18 ./Core/Src/fatfs_sd.o
 .text.SD_RxDataBlock
                0x080006a0       0x60 ./Core/Src/fatfs_sd.o
 .text.SD_TxDataBlock
                0x08000700       0x86 ./Core/Src/fatfs_sd.o
 .text.SD_SendCmd
                0x08000786       0xa8 ./Core/Src/fatfs_sd.o
 *fill*         0x0800082e        0x2 
 .text.SD_disk_initialize
                0x08000830      0x1d8 ./Core/Src/fatfs_sd.o
                0x08000830                SD_disk_initialize
 .text.SD_disk_status
                0x08000a08       0x2c ./Core/Src/fatfs_sd.o
                0x08000a08                SD_disk_status
 .text.SD_disk_read
                0x08000a34       0xd4 ./Core/Src/fatfs_sd.o
                0x08000a34                SD_disk_read
 .text.SD_disk_write
                0x08000b08      0x108 ./Core/Src/fatfs_sd.o
                0x08000b08                SD_disk_write
 .text.SD_disk_ioctl
                0x08000c10      0x254 ./Core/Src/fatfs_sd.o
                0x08000c10                SD_disk_ioctl
 .text.main     0x08000e64       0x20 ./Core/Src/main.o
                0x08000e64                main
 .text.SystemClock_Config
                0x08000e84       0xd8 ./Core/Src/main.o
                0x08000e84                SystemClock_Config
 .text.MX_SPI2_Init
                0x08000f5c       0x6c ./Core/Src/main.o
 .text.MX_USART2_UART_Init
                0x08000fc8       0x54 ./Core/Src/main.o
 .text.MX_GPIO_Init
                0x0800101c      0x108 ./Core/Src/main.o
 .text.Error_Handler
                0x08001124        0xc ./Core/Src/main.o
                0x08001124                Error_Handler
 .text.HAL_MspInit
                0x08001130       0x50 ./Core/Src/stm32f4xx_hal_msp.o
                0x08001130                HAL_MspInit
 .text.HAL_SPI_MspInit
                0x08001180       0xd0 ./Core/Src/stm32f4xx_hal_msp.o
                0x08001180                HAL_SPI_MspInit
 .text.HAL_UART_MspInit
                0x08001250       0x90 ./Core/Src/stm32f4xx_hal_msp.o
                0x08001250                HAL_UART_MspInit
 .text.NMI_Handler
                0x080012e0        0x8 ./Core/Src/stm32f4xx_it.o
                0x080012e0                NMI_Handler
 .text.HardFault_Handler
                0x080012e8        0x8 ./Core/Src/stm32f4xx_it.o
                0x080012e8                HardFault_Handler
 .text.MemManage_Handler
                0x080012f0        0x8 ./Core/Src/stm32f4xx_it.o
                0x080012f0                MemManage_Handler
 .text.BusFault_Handler
                0x080012f8        0x8 ./Core/Src/stm32f4xx_it.o
                0x080012f8                BusFault_Handler
 .text.UsageFault_Handler
                0x08001300        0x8 ./Core/Src/stm32f4xx_it.o
                0x08001300                UsageFault_Handler
 .text.SVC_Handler
                0x08001308        0xe ./Core/Src/stm32f4xx_it.o
                0x08001308                SVC_Handler
 .text.DebugMon_Handler
                0x08001316        0xe ./Core/Src/stm32f4xx_it.o
                0x08001316                DebugMon_Handler
 .text.PendSV_Handler
                0x08001324        0xe ./Core/Src/stm32f4xx_it.o
                0x08001324                PendSV_Handler
 *fill*         0x08001332        0x2 
 .text.SysTick_Handler
                0x08001334       0x34 ./Core/Src/stm32f4xx_it.o
                0x08001334                SysTick_Handler
 .text.SDTimer_Handler
                0x08001368       0x48 ./Core/Src/stm32f4xx_it.o
                0x08001368                SDTimer_Handler
 .text.SystemInit
                0x080013b0       0x24 ./Core/Src/system_stm32f4xx.o
                0x080013b0                SystemInit
 .text.Reset_Handler
                0x080013d4       0x50 ./Core/Startup/startup_stm32f401retx.o
                0x080013d4                Reset_Handler
 .text.Default_Handler
                0x08001424        0x2 ./Core/Startup/startup_stm32f401retx.o
                0x08001424                RTC_Alarm_IRQHandler
                0x08001424                EXTI2_IRQHandler
                0x08001424                SPI4_IRQHandler
                0x08001424                TIM1_CC_IRQHandler
                0x08001424                DMA2_Stream5_IRQHandler
                0x08001424                DMA1_Stream5_IRQHandler
                0x08001424                PVD_IRQHandler
                0x08001424                SDIO_IRQHandler
                0x08001424                TAMP_STAMP_IRQHandler
                0x08001424                EXTI3_IRQHandler
                0x08001424                TIM1_UP_TIM10_IRQHandler
                0x08001424                I2C3_ER_IRQHandler
                0x08001424                EXTI0_IRQHandler
                0x08001424                I2C2_EV_IRQHandler
                0x08001424                DMA1_Stream2_IRQHandler
                0x08001424                FPU_IRQHandler
                0x08001424                DMA2_Stream2_IRQHandler
                0x08001424                SPI1_IRQHandler
                0x08001424                TIM1_BRK_TIM9_IRQHandler
                0x08001424                DMA2_Stream3_IRQHandler
                0x08001424                USART6_IRQHandler
                0x08001424                DMA2_Stream0_IRQHandler
                0x08001424                TIM4_IRQHandler
                0x08001424                I2C1_EV_IRQHandler
                0x08001424                DMA1_Stream6_IRQHandler
                0x08001424                DMA1_Stream1_IRQHandler
                0x08001424                TIM3_IRQHandler
                0x08001424                RCC_IRQHandler
                0x08001424                Default_Handler
                0x08001424                EXTI15_10_IRQHandler
                0x08001424                ADC_IRQHandler
                0x08001424                DMA1_Stream7_IRQHandler
                0x08001424                TIM5_IRQHandler
                0x08001424                DMA2_Stream7_IRQHandler
                0x08001424                I2C3_EV_IRQHandler
                0x08001424                EXTI9_5_IRQHandler
                0x08001424                RTC_WKUP_IRQHandler
                0x08001424                SPI2_IRQHandler
                0x08001424                DMA1_Stream0_IRQHandler
                0x08001424                EXTI4_IRQHandler
                0x08001424                WWDG_IRQHandler
                0x08001424                TIM2_IRQHandler
                0x08001424                OTG_FS_WKUP_IRQHandler
                0x08001424                TIM1_TRG_COM_TIM11_IRQHandler
                0x08001424                EXTI1_IRQHandler
                0x08001424                USART2_IRQHandler
                0x08001424                I2C2_ER_IRQHandler
                0x08001424                DMA2_Stream1_IRQHandler
                0x08001424                FLASH_IRQHandler
                0x08001424                DMA2_Stream4_IRQHandler
                0x08001424                USART1_IRQHandler
                0x08001424                OTG_FS_IRQHandler
                0x08001424                SPI3_IRQHandler
                0x08001424                DMA1_Stream4_IRQHandler
                0x08001424                I2C1_ER_IRQHandler
                0x08001424                DMA2_Stream6_IRQHandler
                0x08001424                DMA1_Stream3_IRQHandler
 *fill*         0x08001426        0x2 
 .text.HAL_Init
                0x08001428       0x44 ./Drivers/STM32F4xx_HAL_Driver/Src/stm32f4xx_hal.o
                0x08001428                HAL_Init
 .text.HAL_InitTick
                0x0800146c       0x60 ./Drivers/STM32F4xx_HAL_Driver/Src/stm32f4xx_hal.o
                0x0800146c                HAL_InitTick
 .text.HAL_IncTick
                0x080014cc       0x28 ./Drivers/STM32F4xx_HAL_Driver/Src/stm32f4xx_hal.o
                0x080014cc                HAL_IncTick
 .text.HAL_GetTick
                0x080014f4       0x18 ./Drivers/STM32F4xx_HAL_Driver/Src/stm32f4xx_hal.o
                0x080014f4                HAL_GetTick
 .text.HAL_Delay
                0x0800150c       0x48 ./Drivers/STM32F4xx_HAL_Driver/Src/stm32f4xx_hal.o
                0x0800150c                HAL_Delay
 .text.__NVIC_SetPriorityGrouping
                0x08001554       0x48 ./Drivers/STM32F4xx_HAL_Driver/Src/stm32f4xx_hal_cortex.o
 .text.__NVIC_GetPriorityGrouping
                0x0800159c       0x1c ./Drivers/STM32F4xx_HAL_Driver/Src/stm32f4xx_hal_cortex.o
 .text.__NVIC_SetPriority
                0x080015b8       0x54 ./Drivers/STM32F4xx_HAL_Driver/Src/stm32f4xx_hal_cortex.o
 .text.NVIC_EncodePriority
                0x0800160c       0x66 ./Drivers/STM32F4xx_HAL_Driver/Src/stm32f4xx_hal_cortex.o
 *fill*         0x08001672        0x2 
 .text.SysTick_Config
                0x08001674       0x44 ./Drivers/STM32F4xx_HAL_Driver/Src/stm32f4xx_hal_cortex.o
 .text.HAL_NVIC_SetPriorityGrouping
                0x080016b8       0x16 ./Drivers/STM32F4xx_HAL_Driver/Src/stm32f4xx_hal_cortex.o
                0x080016b8                HAL_NVIC_SetPriorityGrouping
 .text.HAL_NVIC_SetPriority
                0x080016ce       0x38 ./Drivers/STM32F4xx_HAL_Driver/Src/stm32f4xx_hal_cortex.o
                0x080016ce                HAL_NVIC_SetPriority
 .text.HAL_SYSTICK_Config
                0x08001706       0x18 ./Drivers/STM32F4xx_HAL_Driver/Src/stm32f4xx_hal_cortex.o
                0x08001706                HAL_SYSTICK_Config
 *fill*         0x0800171e        0x2 
 .text.HAL_GPIO_Init
                0x08001720      0x308 ./Drivers/STM32F4xx_HAL_Driver/Src/stm32f4xx_hal_gpio.o
                0x08001720                HAL_GPIO_Init
 .text.HAL_GPIO_WritePin
                0x08001a28       0x32 ./Drivers/STM32F4xx_HAL_Driver/Src/stm32f4xx_hal_gpio.o
                0x08001a28                HAL_GPIO_WritePin
 *fill*         0x08001a5a        0x2 
 .text.HAL_RCC_OscConfig
                0x08001a5c      0x4f0 ./Drivers/STM32F4xx_HAL_Driver/Src/stm32f4xx_hal_rcc.o
                0x08001a5c                HAL_RCC_OscConfig
 .text.HAL_RCC_ClockConfig
                0x08001f4c      0x1cc ./Drivers/STM32F4xx_HAL_Driver/Src/stm32f4xx_hal_rcc.o
                0x08001f4c                HAL_RCC_ClockConfig
 .text.HAL_RCC_GetSysClockFreq
                0x08002118      0x20c ./Drivers/STM32F4xx_HAL_Driver/Src/stm32f4xx_hal_rcc.o
                0x08002118                HAL_RCC_GetSysClockFreq
 .text.HAL_RCC_GetHCLKFreq
                0x08002324       0x18 ./Drivers/STM32F4xx_HAL_Driver/Src/stm32f4xx_hal_rcc.o
                0x08002324                HAL_RCC_GetHCLKFreq
 .text.HAL_RCC_GetPCLK1Freq
                0x0800233c       0x28 ./Drivers/STM32F4xx_HAL_Driver/Src/stm32f4xx_hal_rcc.o
                0x0800233c                HAL_RCC_GetPCLK1Freq
 .text.HAL_RCC_GetPCLK2Freq
                0x08002364       0x28 ./Drivers/STM32F4xx_HAL_Driver/Src/stm32f4xx_hal_rcc.o
                0x08002364                HAL_RCC_GetPCLK2Freq
 .text.HAL_SPI_Init
                0x0800238c      0x112 ./Drivers/STM32F4xx_HAL_Driver/Src/stm32f4xx_hal_spi.o
                0x0800238c                HAL_SPI_Init
 .text.HAL_SPI_Transmit
                0x0800249e      0x286 ./Drivers/STM32F4xx_HAL_Driver/Src/stm32f4xx_hal_spi.o
                0x0800249e                HAL_SPI_Transmit
 .text.HAL_SPI_TransmitReceive
                0x08002724      0x360 ./Drivers/STM32F4xx_HAL_Driver/Src/stm32f4xx_hal_spi.o
                0x08002724                HAL_SPI_TransmitReceive
 .text.SPI_WaitFlagStateUntilTimeout
                0x08002a84      0x110 ./Drivers/STM32F4xx_HAL_Driver/Src/stm32f4xx_hal_spi.o
 .text.SPI_EndRxTxTransaction
                0x08002b94       0xa8 ./Drivers/STM32F4xx_HAL_Driver/Src/stm32f4xx_hal_spi.o
 .text.HAL_UART_Init
                0x08002c3c       0xa0 ./Drivers/STM32F4xx_HAL_Driver/Src/stm32f4xx_hal_uart.o
                0x08002c3c                HAL_UART_Init
 .text.UART_SetConfig
                0x08002cdc      0x4e8 ./Drivers/STM32F4xx_HAL_Driver/Src/stm32f4xx_hal_uart.o
 .text.MX_FATFS_Init
                0x080031c4       0x24 ./FATFS/App/fatfs.o
                0x080031c4                MX_FATFS_Init
 .text.USER_initialize
                0x080031e8       0x1c ./FATFS/Target/user_diskio.o
                0x080031e8                USER_initialize
 .text.USER_status
                0x08003204       0x1c ./FATFS/Target/user_diskio.o
                0x08003204                USER_status
 .text.USER_read
                0x08003220       0x26 ./FATFS/Target/user_diskio.o
                0x08003220                USER_read
 .text.USER_write
                0x08003246       0x26 ./FATFS/Target/user_diskio.o
                0x08003246                USER_write
 .text.USER_ioctl
                0x0800326c       0x26 ./FATFS/Target/user_diskio.o
                0x0800326c                USER_ioctl
 *fill*         0x08003292        0x2 
 .text.FATFS_LinkDriverEx
                0x08003294       0x98 ./Middlewares/Third_Party/FatFs/src/ff_gen_drv.o
                0x08003294                FATFS_LinkDriverEx
 .text.FATFS_LinkDriver
                0x0800332c       0x1e ./Middlewares/Third_Party/FatFs/src/ff_gen_drv.o
                0x0800332c                FATFS_LinkDriver
 .text.memset   0x0800334a       0x10 C:/ST/STM32CubeIDE_1.13.2/STM32CubeIDE/plugins/com.st.stm32cube.ide.mcu.externaltools.gnu-tools-for-stm32.12.3.rel1.win32_1.0.100.202403111256/tools/bin/../lib/gcc/arm-none-eabi/12.3.1/../../../../arm-none-eabi/lib/thumb/v7e-m+fp/hard\libc_nano.a(libc_a-memset.o)
                0x0800334a                memset
 *fill*         0x0800335a        0x2 
 .text.__libc_init_array
                0x0800335c       0x48 C:/ST/STM32CubeIDE_1.13.2/STM32CubeIDE/plugins/com.st.stm32cube.ide.mcu.externaltools.gnu-tools-for-stm32.12.3.rel1.win32_1.0.100.202403111256/tools/bin/../lib/gcc/arm-none-eabi/12.3.1/../../../../arm-none-eabi/lib/thumb/v7e-m+fp/hard\libc_nano.a(libc_a-init.o)
                0x0800335c                __libc_init_array
 *(.glue_7)
 .glue_7        0x080033a4        0x0 linker stubs
 *(.glue_7t)
 .glue_7t       0x080033a4        0x0 linker stubs
 *(.eh_frame)
 .eh_frame      0x080033a4        0x0 C:/ST/STM32CubeIDE_1.13.2/STM32CubeIDE/plugins/com.st.stm32cube.ide.mcu.externaltools.gnu-tools-for-stm32.12.3.rel1.win32_1.0.100.202403111256/tools/bin/../lib/gcc/arm-none-eabi/12.3.1/thumb/v7e-m+fp/hard/crtbegin.o
 *(.init)
 .init          0x080033a4        0x4 C:/ST/STM32CubeIDE_1.13.2/STM32CubeIDE/plugins/com.st.stm32cube.ide.mcu.externaltools.gnu-tools-for-stm32.12.3.rel1.win32_1.0.100.202403111256/tools/bin/../lib/gcc/arm-none-eabi/12.3.1/thumb/v7e-m+fp/hard/crti.o
                0x080033a4                _init
 .init          0x080033a8        0x8 C:/ST/STM32CubeIDE_1.13.2/STM32CubeIDE/plugins/com.st.stm32cube.ide.mcu.externaltools.gnu-tools-for-stm32.12.3.rel1.win32_1.0.100.202403111256/tools/bin/../lib/gcc/arm-none-eabi/12.3.1/thumb/v7e-m+fp/hard/crtn.o
 *(.fini)
 .fini          0x080033b0        0x4 C:/ST/STM32CubeIDE_1.13.2/STM32CubeIDE/plugins/com.st.stm32cube.ide.mcu.externaltools.gnu-tools-for-stm32.12.3.rel1.win32_1.0.100.202403111256/tools/bin/../lib/gcc/arm-none-eabi/12.3.1/thumb/v7e-m+fp/hard/crti.o
                0x080033b0                _fini
 .fini          0x080033b4        0x8 C:/ST/STM32CubeIDE_1.13.2/STM32CubeIDE/plugins/com.st.stm32cube.ide.mcu.externaltools.gnu-tools-for-stm32.12.3.rel1.win32_1.0.100.202403111256/tools/bin/../lib/gcc/arm-none-eabi/12.3.1/thumb/v7e-m+fp/hard/crtn.o
                0x080033bc                        . = ALIGN (0x4)
                0x080033bc                        _etext = .

.vfp11_veneer   0x080033bc        0x0
 .vfp11_veneer  0x080033bc        0x0 linker stubs

.v4_bx          0x080033bc        0x0
 .v4_bx         0x080033bc        0x0 linker stubs

.iplt           0x080033bc        0x0
 .iplt          0x080033bc        0x0 C:/ST/STM32CubeIDE_1.13.2/STM32CubeIDE/plugins/com.st.stm32cube.ide.mcu.externaltools.gnu-tools-for-stm32.12.3.rel1.win32_1.0.100.202403111256/tools/bin/../lib/gcc/arm-none-eabi/12.3.1/thumb/v7e-m+fp/hard/crtbegin.o

.rodata         0x080033bc       0x18
                0x080033bc                        . = ALIGN (0x4)
 *(.rodata)
 *(.rodata*)
 .rodata.AHBPrescTable
                0x080033bc       0x10 ./Core/Src/system_stm32f4xx.o
                0x080033bc                AHBPrescTable
 .rodata.APBPrescTable
                0x080033cc        0x8 ./Core/Src/system_stm32f4xx.o
                0x080033cc                APBPrescTable
                0x080033d4                        . = ALIGN (0x4)

.ARM.extab      0x080033d4        0x0
                0x080033d4                        . = ALIGN (0x4)
 *(.ARM.extab* .gnu.linkonce.armextab.*)
                0x080033d4                        . = ALIGN (0x4)

.ARM            0x080033d4        0x8
                0x080033d4                        . = ALIGN (0x4)
                0x080033d4                        __exidx_start = .
 *(.ARM.exidx*)
 .ARM.exidx     0x080033d4        0x8 C:/ST/STM32CubeIDE_1.13.2/STM32CubeIDE/plugins/com.st.stm32cube.ide.mcu.externaltools.gnu-tools-for-stm32.12.3.rel1.win32_1.0.100.202403111256/tools/bin/../lib/gcc/arm-none-eabi/12.3.1/thumb/v7e-m+fp/hard\libgcc.a(_udivmoddi4.o)
                0x080033dc                        __exidx_end = .
                0x080033dc                        . = ALIGN (0x4)

.preinit_array  0x080033dc        0x0
                0x080033dc                        . = ALIGN (0x4)
                0x080033dc                        PROVIDE (__preinit_array_start = .)
 *(.preinit_array*)
                0x080033dc                        PROVIDE (__preinit_array_end = .)
                0x080033dc                        . = ALIGN (0x4)

.init_array     0x080033dc        0x4
                0x080033dc                        . = ALIGN (0x4)
                0x080033dc                        PROVIDE (__init_array_start = .)
 *(SORT_BY_NAME(.init_array.*))
 *(.init_array*)
 .init_array    0x080033dc        0x4 C:/ST/STM32CubeIDE_1.13.2/STM32CubeIDE/plugins/com.st.stm32cube.ide.mcu.externaltools.gnu-tools-for-stm32.12.3.rel1.win32_1.0.100.202403111256/tools/bin/../lib/gcc/arm-none-eabi/12.3.1/thumb/v7e-m+fp/hard/crtbegin.o
                0x080033e0                        PROVIDE (__init_array_end = .)
                0x080033e0                        . = ALIGN (0x4)

.fini_array     0x080033e0        0x4
                0x080033e0                        . = ALIGN (0x4)
                [!provide]                        PROVIDE (__fini_array_start = .)
 *(SORT_BY_NAME(.fini_array.*))
 *(.fini_array*)
 .fini_array    0x080033e0        0x4 C:/ST/STM32CubeIDE_1.13.2/STM32CubeIDE/plugins/com.st.stm32cube.ide.mcu.externaltools.gnu-tools-for-stm32.12.3.rel1.win32_1.0.100.202403111256/tools/bin/../lib/gcc/arm-none-eabi/12.3.1/thumb/v7e-m+fp/hard/crtbegin.o
                [!provide]                        PROVIDE (__fini_array_end = .)
                0x080033e4                        . = ALIGN (0x4)
                0x080033e4                        _sidata = LOADADDR (.data)

.rel.dyn        0x080033e4        0x0
 .rel.iplt      0x080033e4        0x0 C:/ST/STM32CubeIDE_1.13.2/STM32CubeIDE/plugins/com.st.stm32cube.ide.mcu.externaltools.gnu-tools-for-stm32.12.3.rel1.win32_1.0.100.202403111256/tools/bin/../lib/gcc/arm-none-eabi/12.3.1/thumb/v7e-m+fp/hard/crtbegin.o

.data           0x20000000       0x24 load address 0x080033e4
                0x20000000                        . = ALIGN (0x4)
                0x20000000                        _sdata = .
 *(.data)
 *(.data*)
 .data.Stat     0x20000000        0x1 ./Core/Src/fatfs_sd.o
 *fill*         0x20000001        0x3 
 .data.SystemCoreClock
                0x20000004        0x4 ./Core/Src/system_stm32f4xx.o
                0x20000004                SystemCoreClock
 .data.uwTickPrio
                0x20000008        0x4 ./Drivers/STM32F4xx_HAL_Driver/Src/stm32f4xx_hal.o
                0x20000008                uwTickPrio
 .data.uwTickFreq
                0x2000000c        0x1 ./Drivers/STM32F4xx_HAL_Driver/Src/stm32f4xx_hal.o
                0x2000000c                uwTickFreq
 *fill*         0x2000000d        0x3 
 .data.USER_Driver
                0x20000010       0x14 ./FATFS/Target/user_diskio.o
                0x20000010                USER_Driver
 *(.RamFunc)
 *(.RamFunc*)
                0x20000024                        . = ALIGN (0x4)
                0x20000024                        _edata = .

.igot.plt       0x20000024        0x0 load address 0x08003408
 .igot.plt      0x20000024        0x0 C:/ST/STM32CubeIDE_1.13.2/STM32CubeIDE/plugins/com.st.stm32cube.ide.mcu.externaltools.gnu-tools-for-stm32.12.3.rel1.win32_1.0.100.202403111256/tools/bin/../lib/gcc/arm-none-eabi/12.3.1/thumb/v7e-m+fp/hard/crtbegin.o
                0x20000024                        . = ALIGN (0x4)

.bss            0x20000024       0xdc load address 0x08003408
                0x20000024                        _sbss = .
                0x20000024                        __bss_start__ = _sbss
 *(.bss)
 .bss           0x20000024       0x1c C:/ST/STM32CubeIDE_1.13.2/STM32CubeIDE/plugins/com.st.stm32cube.ide.mcu.externaltools.gnu-tools-for-stm32.12.3.rel1.win32_1.0.100.202403111256/tools/bin/../lib/gcc/arm-none-eabi/12.3.1/thumb/v7e-m+fp/hard/crtbegin.o
 *(.bss*)
 .bss.CardType  0x20000040        0x1 ./Core/Src/fatfs_sd.o
 .bss.PowerFlag
                0x20000041        0x1 ./Core/Src/fatfs_sd.o
 *fill*         0x20000042        0x2 
 .bss.hspi2     0x20000044       0x58 ./Core/Src/main.o
                0x20000044                hspi2
 .bss.huart2    0x2000009c       0x48 ./Core/Src/main.o
                0x2000009c                huart2
 .bss.FatFsCnt  0x200000e4        0x1 ./Core/Src/stm32f4xx_it.o
                0x200000e4                FatFsCnt
 .bss.Timer1    0x200000e5        0x1 ./Core/Src/stm32f4xx_it.o
                0x200000e5                Timer1
 .bss.Timer2    0x200000e6        0x1 ./Core/Src/stm32f4xx_it.o
                0x200000e6                Timer2
 *fill*         0x200000e7        0x1 
 .bss.uwTick    0x200000e8        0x4 ./Drivers/STM32F4xx_HAL_Driver/Src/stm32f4xx_hal.o
                0x200000e8                uwTick
 .bss.retUSER   0x200000ec        0x1 ./FATFS/App/fatfs.o
                0x200000ec                retUSER
 *fill*         0x200000ed        0x3 
 .bss.USERPath  0x200000f0        0x4 ./FATFS/App/fatfs.o
                0x200000f0                USERPath
 .bss.disk      0x200000f4        0xc ./Middlewares/Third_Party/FatFs/src/ff_gen_drv.o
                0x200000f4                disk
 *(COMMON)
                0x20000100                        . = ALIGN (0x4)
                0x20000100                        _ebss = .
                0x20000100                        __bss_end__ = _ebss

._user_heap_stack
                0x20000100      0x600 load address 0x08003408
                0x20000100                        . = ALIGN (0x8)
                [!provide]                        PROVIDE (end = .)
                0x20000100                        PROVIDE (_end = .)
                0x20000300                        . = (. + _Min_Heap_Size)
 *fill*         0x20000100      0x200 
                0x20000700                        . = (. + _Min_Stack_Size)
 *fill*         0x20000300      0x400 
                0x20000700                        . = ALIGN (0x8)

/DISCARD/
 libc.a(*)
 libm.a(*)
 libgcc.a(*)

.ARM.attributes
                0x00000000       0x30
 *(.ARM.attributes)
 .ARM.attributes
                0x00000000       0x22 C:/ST/STM32CubeIDE_1.13.2/STM32CubeIDE/plugins/com.st.stm32cube.ide.mcu.externaltools.gnu-tools-for-stm32.12.3.rel1.win32_1.0.100.202403111256/tools/bin/../lib/gcc/arm-none-eabi/12.3.1/thumb/v7e-m+fp/hard/crti.o
 .ARM.attributes
                0x00000022       0x34 C:/ST/STM32CubeIDE_1.13.2/STM32CubeIDE/plugins/com.st.stm32cube.ide.mcu.externaltools.gnu-tools-for-stm32.12.3.rel1.win32_1.0.100.202403111256/tools/bin/../lib/gcc/arm-none-eabi/12.3.1/thumb/v7e-m+fp/hard/crtbegin.o
 .ARM.attributes
                0x00000056       0x34 ./Core/Src/fatfs_sd.o
 .ARM.attributes
                0x0000008a       0x34 ./Core/Src/main.o
 .ARM.attributes
                0x000000be       0x34 ./Core/Src/stm32f4xx_hal_msp.o
 .ARM.attributes
                0x000000f2       0x34 ./Core/Src/stm32f4xx_it.o
 .ARM.attributes
                0x00000126       0x34 ./Core/Src/system_stm32f4xx.o
 .ARM.attributes
                0x0000015a       0x21 ./Core/Startup/startup_stm32f401retx.o
 .ARM.attributes
                0x0000017b       0x34 ./Drivers/STM32F4xx_HAL_Driver/Src/stm32f4xx_hal.o
 .ARM.attributes
                0x000001af       0x34 ./Drivers/STM32F4xx_HAL_Driver/Src/stm32f4xx_hal_cortex.o
 .ARM.attributes
                0x000001e3       0x34 ./Drivers/STM32F4xx_HAL_Driver/Src/stm32f4xx_hal_gpio.o
 .ARM.attributes
                0x00000217       0x34 ./Drivers/STM32F4xx_HAL_Driver/Src/stm32f4xx_hal_rcc.o
 .ARM.attributes
                0x0000024b       0x34 ./Drivers/STM32F4xx_HAL_Driver/Src/stm32f4xx_hal_spi.o
 .ARM.attributes
                0x0000027f       0x34 ./Drivers/STM32F4xx_HAL_Driver/Src/stm32f4xx_hal_uart.o
 .ARM.attributes
                0x000002b3       0x34 ./FATFS/App/fatfs.o
 .ARM.attributes
                0x000002e7       0x34 ./FATFS/Target/user_diskio.o
 .ARM.attributes
                0x0000031b       0x34 ./Middlewares/Third_Party/FatFs/src/ff_gen_drv.o
 .ARM.attributes
                0x0000034f       0x34 C:/ST/STM32CubeIDE_1.13.2/STM32CubeIDE/plugins/com.st.stm32cube.ide.mcu.externaltools.gnu-tools-for-stm32.12.3.rel1.win32_1.0.100.202403111256/tools/bin/../lib/gcc/arm-none-eabi/12.3.1/../../../../arm-none-eabi/lib/thumb/v7e-m+fp/hard\libc_nano.a(libc_a-memset.o)
 .ARM.attributes
                0x00000383       0x34 C:/ST/STM32CubeIDE_1.13.2/STM32CubeIDE/plugins/com.st.stm32cube.ide.mcu.externaltools.gnu-tools-for-stm32.12.3.rel1.win32_1.0.100.202403111256/tools/bin/../lib/gcc/arm-none-eabi/12.3.1/../../../../arm-none-eabi/lib/thumb/v7e-m+fp/hard\libc_nano.a(libc_a-init.o)
 .ARM.attributes
                0x000003b7       0x22 C:/ST/STM32CubeIDE_1.13.2/STM32CubeIDE/plugins/com.st.stm32cube.ide.mcu.externaltools.gnu-tools-for-stm32.12.3.rel1.win32_1.0.100.202403111256/tools/bin/../lib/gcc/arm-none-eabi/12.3.1/thumb/v7e-m+fp/hard\libgcc.a(_aeabi_uldivmod.o)
 .ARM.attributes
                0x000003d9       0x34 C:/ST/STM32CubeIDE_1.13.2/STM32CubeIDE/plugins/com.st.stm32cube.ide.mcu.externaltools.gnu-tools-for-stm32.12.3.rel1.win32_1.0.100.202403111256/tools/bin/../lib/gcc/arm-none-eabi/12.3.1/thumb/v7e-m+fp/hard\libgcc.a(_udivmoddi4.o)
 .ARM.attributes
                0x0000040d       0x22 C:/ST/STM32CubeIDE_1.13.2/STM32CubeIDE/plugins/com.st.stm32cube.ide.mcu.externaltools.gnu-tools-for-stm32.12.3.rel1.win32_1.0.100.202403111256/tools/bin/../lib/gcc/arm-none-eabi/12.3.1/thumb/v7e-m+fp/hard\libgcc.a(_dvmd_tls.o)
 .ARM.attributes
                0x0000042f       0x22 C:/ST/STM32CubeIDE_1.13.2/STM32CubeIDE/plugins/com.st.stm32cube.ide.mcu.externaltools.gnu-tools-for-stm32.12.3.rel1.win32_1.0.100.202403111256/tools/bin/../lib/gcc/arm-none-eabi/12.3.1/thumb/v7e-m+fp/hard/crtn.o
OUTPUT(SD Card.elf elf32-littlearm)
LOAD linker stubs
LOAD C:/ST/STM32CubeIDE_1.13.2/STM32CubeIDE/plugins/com.st.stm32cube.ide.mcu.externaltools.gnu-tools-for-stm32.12.3.rel1.win32_1.0.100.202403111256/tools/bin/../lib/gcc/arm-none-eabi/12.3.1/../../../../arm-none-eabi/lib/thumb/v7e-m+fp/hard\libc.a
LOAD C:/ST/STM32CubeIDE_1.13.2/STM32CubeIDE/plugins/com.st.stm32cube.ide.mcu.externaltools.gnu-tools-for-stm32.12.3.rel1.win32_1.0.100.202403111256/tools/bin/../lib/gcc/arm-none-eabi/12.3.1/../../../../arm-none-eabi/lib/thumb/v7e-m+fp/hard\libm.a
LOAD C:/ST/STM32CubeIDE_1.13.2/STM32CubeIDE/plugins/com.st.stm32cube.ide.mcu.externaltools.gnu-tools-for-stm32.12.3.rel1.win32_1.0.100.202403111256/tools/bin/../lib/gcc/arm-none-eabi/12.3.1/thumb/v7e-m+fp/hard\libgcc.a

.debug_info     0x00000000     0xa479
 .debug_info    0x00000000      0xc31 ./Core/Src/fatfs_sd.o
 .debug_info    0x00000c31      0xe6c ./Core/Src/main.o
 .debug_info    0x00001a9d      0xc3b ./Core/Src/stm32f4xx_hal_msp.o
 .debug_info    0x000026d8      0x172 ./Core/Src/stm32f4xx_it.o
 .debug_info    0x0000284a      0x53e ./Core/Src/system_stm32f4xx.o
 .debug_info    0x00002d88       0x30 ./Core/Startup/startup_stm32f401retx.o
 .debug_info    0x00002db8      0x8bb ./Drivers/STM32F4xx_HAL_Driver/Src/stm32f4xx_hal.o
 .debug_info    0x00003673      0xcc1 ./Drivers/STM32F4xx_HAL_Driver/Src/stm32f4xx_hal_cortex.o
 .debug_info    0x00004334      0x6f9 ./Drivers/STM32F4xx_HAL_Driver/Src/stm32f4xx_hal_gpio.o
 .debug_info    0x00004a2d      0x8f3 ./Drivers/STM32F4xx_HAL_Driver/Src/stm32f4xx_hal_rcc.o
 .debug_info    0x00005320     0x1606 ./Drivers/STM32F4xx_HAL_Driver/Src/stm32f4xx_hal_spi.o
 .debug_info    0x00006926     0x2f56 ./Drivers/STM32F4xx_HAL_Driver/Src/stm32f4xx_hal_uart.o
 .debug_info    0x0000987c      0x4d9 ./FATFS/App/fatfs.o
 .debug_info    0x00009d55      0x3a5 ./FATFS/Target/user_diskio.o
 .debug_info    0x0000a0fa      0x37f ./Middlewares/Third_Party/FatFs/src/ff_gen_drv.o

.debug_abbrev   0x00000000     0x1cab
 .debug_abbrev  0x00000000      0x2da ./Core/Src/fatfs_sd.o
 .debug_abbrev  0x000002da      0x25c ./Core/Src/main.o
 .debug_abbrev  0x00000536      0x1c1 ./Core/Src/stm32f4xx_hal_msp.o
 .debug_abbrev  0x000006f7       0x9d ./Core/Src/stm32f4xx_it.o
 .debug_abbrev  0x00000794      0x11a ./Core/Src/system_stm32f4xx.o
 .debug_abbrev  0x000008ae       0x24 ./Core/Startup/startup_stm32f401retx.o
 .debug_abbrev  0x000008d2      0x24b ./Drivers/STM32F4xx_HAL_Driver/Src/stm32f4xx_hal.o
 .debug_abbrev  0x00000b1d      0x328 ./Drivers/STM32F4xx_HAL_Driver/Src/stm32f4xx_hal_cortex.o
 .debug_abbrev  0x00000e45      0x1d3 ./Drivers/STM32F4xx_HAL_Driver/Src/stm32f4xx_hal_gpio.o
 .debug_abbrev  0x00001018      0x2b5 ./Drivers/STM32F4xx_HAL_Driver/Src/stm32f4xx_hal_rcc.o
 .debug_abbrev  0x000012cd      0x280 ./Drivers/STM32F4xx_HAL_Driver/Src/stm32f4xx_hal_spi.o
 .debug_abbrev  0x0000154d      0x31b ./Drivers/STM32F4xx_HAL_Driver/Src/stm32f4xx_hal_uart.o
 .debug_abbrev  0x00001868      0x160 ./FATFS/App/fatfs.o
 .debug_abbrev  0x000019c8      0x144 ./FATFS/Target/user_diskio.o
 .debug_abbrev  0x00001b0c      0x19f ./Middlewares/Third_Party/FatFs/src/ff_gen_drv.o

.debug_aranges  0x00000000      0x958
 .debug_aranges
                0x00000000       0xa8 ./Core/Src/fatfs_sd.o
 .debug_aranges
                0x000000a8       0x48 ./Core/Src/main.o
 .debug_aranges
                0x000000f0       0x40 ./Core/Src/stm32f4xx_hal_msp.o
 .debug_aranges
                0x00000130       0x68 ./Core/Src/stm32f4xx_it.o
 .debug_aranges
                0x00000198       0x28 ./Core/Src/system_stm32f4xx.o
 .debug_aranges
                0x000001c0       0x28 ./Core/Startup/startup_stm32f401retx.o
 .debug_aranges
                0x000001e8       0xf0 ./Drivers/STM32F4xx_HAL_Driver/Src/stm32f4xx_hal.o
 .debug_aranges
                0x000002d8      0x120 ./Drivers/STM32F4xx_HAL_Driver/Src/stm32f4xx_hal_cortex.o
 .debug_aranges
                0x000003f8       0x58 ./Drivers/STM32F4xx_HAL_Driver/Src/stm32f4xx_hal_gpio.o
 .debug_aranges
                0x00000450       0x88 ./Drivers/STM32F4xx_HAL_Driver/Src/stm32f4xx_hal_rcc.o
 .debug_aranges
                0x000004d8      0x1d0 ./Drivers/STM32F4xx_HAL_Driver/Src/stm32f4xx_hal_spi.o
 .debug_aranges
                0x000006a8      0x208 ./Drivers/STM32F4xx_HAL_Driver/Src/stm32f4xx_hal_uart.o
 .debug_aranges
                0x000008b0       0x28 ./FATFS/App/fatfs.o
 .debug_aranges
                0x000008d8       0x40 ./FATFS/Target/user_diskio.o
 .debug_aranges
                0x00000918       0x40 ./Middlewares/Third_Party/FatFs/src/ff_gen_drv.o

.debug_rnglists
                0x00000000      0x71f
 .debug_rnglists
                0x00000000       0x80 ./Core/Src/fatfs_sd.o
 .debug_rnglists
                0x00000080       0x33 ./Core/Src/main.o
 .debug_rnglists
                0x000000b3       0x2d ./Core/Src/stm32f4xx_hal_msp.o
 .debug_rnglists
                0x000000e0       0x49 ./Core/Src/stm32f4xx_it.o
 .debug_rnglists
                0x00000129       0x1a ./Core/Src/system_stm32f4xx.o
 .debug_rnglists
                0x00000143       0x19 ./Core/Startup/startup_stm32f401retx.o
 .debug_rnglists
                0x0000015c       0xaf ./Drivers/STM32F4xx_HAL_Driver/Src/stm32f4xx_hal.o
 .debug_rnglists
                0x0000020b       0xd4 ./Drivers/STM32F4xx_HAL_Driver/Src/stm32f4xx_hal_cortex.o
 .debug_rnglists
                0x000002df       0x3f ./Drivers/STM32F4xx_HAL_Driver/Src/stm32f4xx_hal_gpio.o
 .debug_rnglists
                0x0000031e       0x66 ./Drivers/STM32F4xx_HAL_Driver/Src/stm32f4xx_hal_rcc.o
 .debug_rnglists
                0x00000384      0x16f ./Drivers/STM32F4xx_HAL_Driver/Src/stm32f4xx_hal_spi.o
 .debug_rnglists
                0x000004f3      0x1bc ./Drivers/STM32F4xx_HAL_Driver/Src/stm32f4xx_hal_uart.o
 .debug_rnglists
                0x000006af       0x19 ./FATFS/App/fatfs.o
 .debug_rnglists
                0x000006c8       0x2b ./FATFS/Target/user_diskio.o
 .debug_rnglists
                0x000006f3       0x2c ./Middlewares/Third_Party/FatFs/src/ff_gen_drv.o

.debug_macro    0x00000000    0x164bc
 .debug_macro   0x00000000      0x209 ./Core/Src/fatfs_sd.o
 .debug_macro   0x00000209      0xab4 ./Core/Src/fatfs_sd.o
 .debug_macro   0x00000cbd      0x29b ./Core/Src/fatfs_sd.o
 .debug_macro   0x00000f58       0x2e ./Core/Src/fatfs_sd.o
 .debug_macro   0x00000f86       0x28 ./Core/Src/fatfs_sd.o
 .debug_macro   0x00000fae       0x22 ./Core/Src/fatfs_sd.o
 .debug_macro   0x00000fd0       0x8e ./Core/Src/fatfs_sd.o
 .debug_macro   0x0000105e       0x51 ./Core/Src/fatfs_sd.o
 .debug_macro   0x000010af      0x103 ./Core/Src/fatfs_sd.o
 .debug_macro   0x000011b2       0x6a ./Core/Src/fatfs_sd.o
 .debug_macro   0x0000121c      0x1df ./Core/Src/fatfs_sd.o
 .debug_macro   0x000013fb       0x1c ./Core/Src/fatfs_sd.o
 .debug_macro   0x00001417       0x22 ./Core/Src/fatfs_sd.o
 .debug_macro   0x00001439       0xfb ./Core/Src/fatfs_sd.o
 .debug_macro   0x00001534     0x1011 ./Core/Src/fatfs_sd.o
 .debug_macro   0x00002545      0x11f ./Core/Src/fatfs_sd.o
 .debug_macro   0x00002664     0xb86c ./Core/Src/fatfs_sd.o
 .debug_macro   0x0000ded0       0x6d ./Core/Src/fatfs_sd.o
 .debug_macro   0x0000df3d     0x368c ./Core/Src/fatfs_sd.o
 .debug_macro   0x000115c9      0x189 ./Core/Src/fatfs_sd.o
 .debug_macro   0x00011752       0x5c ./Core/Src/fatfs_sd.o
 .debug_macro   0x000117ae      0x416 ./Core/Src/fatfs_sd.o
 .debug_macro   0x00011bc4      0x9e9 ./Core/Src/fatfs_sd.o
 .debug_macro   0x000125ad      0x115 ./Core/Src/fatfs_sd.o
 .debug_macro   0x000126c2       0xf8 ./Core/Src/fatfs_sd.o
 .debug_macro   0x000127ba       0xa5 ./Core/Src/fatfs_sd.o
 .debug_macro   0x0001285f      0x15f ./Core/Src/fatfs_sd.o
 .debug_macro   0x000129be      0x287 ./Core/Src/fatfs_sd.o
 .debug_macro   0x00012c45       0x5f ./Core/Src/fatfs_sd.o
 .debug_macro   0x00012ca4      0x236 ./Core/Src/fatfs_sd.o
 .debug_macro   0x00012eda      0x132 ./Core/Src/fatfs_sd.o
 .debug_macro   0x0001300c      0x264 ./Core/Src/fatfs_sd.o
 .debug_macro   0x00013270       0x2e ./Core/Src/fatfs_sd.o
 .debug_macro   0x0001329e      0x127 ./Core/Src/fatfs_sd.o
 .debug_macro   0x000133c5       0x85 ./Core/Src/fatfs_sd.o
 .debug_macro   0x0001344a       0x89 ./Core/Src/fatfs_sd.o
 .debug_macro   0x000134d3      0x225 ./Core/Src/fatfs_sd.o
 .debug_macro   0x000136f8      0x2aa ./Core/Src/fatfs_sd.o
 .debug_macro   0x000139a2      0x126 ./Core/Src/fatfs_sd.o
 .debug_macro   0x00013ac8       0x16 ./Core/Src/fatfs_sd.o
 .debug_macro   0x00013ade       0x7c ./Core/Src/fatfs_sd.o
 .debug_macro   0x00013b5a       0x88 ./Core/Src/fatfs_sd.o
 .debug_macro   0x00013be2      0x2f2 ./Core/Src/main.o
 .debug_macro   0x00013ed4       0x64 ./Core/Src/main.o
 .debug_macro   0x00013f38       0xeb ./Core/Src/main.o
 .debug_macro   0x00014023       0x2a ./Core/Src/main.o
 .debug_macro   0x0001404d       0x61 ./Core/Src/main.o
 .debug_macro   0x000140ae       0x43 ./Core/Src/main.o
 .debug_macro   0x000140f1       0x34 ./Core/Src/main.o
 .debug_macro   0x00014125       0x16 ./Core/Src/main.o
 .debug_macro   0x0001413b       0x35 ./Core/Src/main.o
 .debug_macro   0x00014170       0x16 ./Core/Src/main.o
 .debug_macro   0x00014186       0x43 ./Core/Src/main.o
 .debug_macro   0x000141c9       0x34 ./Core/Src/main.o
 .debug_macro   0x000141fd       0x10 ./Core/Src/main.o
 .debug_macro   0x0001420d       0x58 ./Core/Src/main.o
 .debug_macro   0x00014265       0x8e ./Core/Src/main.o
 .debug_macro   0x000142f3       0x1c ./Core/Src/main.o
 .debug_macro   0x0001430f      0x177 ./Core/Src/main.o
 .debug_macro   0x00014486      0x369 ./Core/Src/main.o
 .debug_macro   0x000147ef       0x16 ./Core/Src/main.o
 .debug_macro   0x00014805       0x29 ./Core/Src/main.o
 .debug_macro   0x0001482e       0x12 ./Core/Src/main.o
 .debug_macro   0x00014840       0xe2 ./Core/Src/main.o
 .debug_macro   0x00014922       0x8e ./Core/Src/main.o
 .debug_macro   0x000149b0      0x1d3 ./Core/Src/stm32f4xx_hal_msp.o
 .debug_macro   0x00014b83      0x1dd ./Core/Src/stm32f4xx_it.o
 .debug_macro   0x00014d60      0x1c4 ./Core/Src/system_stm32f4xx.o
 .debug_macro   0x00014f24      0x224 ./Drivers/STM32F4xx_HAL_Driver/Src/stm32f4xx_hal.o
 .debug_macro   0x00015148      0x1c4 ./Drivers/STM32F4xx_HAL_Driver/Src/stm32f4xx_hal_cortex.o
 .debug_macro   0x0001530c      0x1ca ./Drivers/STM32F4xx_HAL_Driver/Src/stm32f4xx_hal_gpio.o
 .debug_macro   0x000154d6      0x1e8 ./Drivers/STM32F4xx_HAL_Driver/Src/stm32f4xx_hal_rcc.o
 .debug_macro   0x000156be      0x1d3 ./Drivers/STM32F4xx_HAL_Driver/Src/stm32f4xx_hal_spi.o
 .debug_macro   0x00015891      0x1c5 ./Drivers/STM32F4xx_HAL_Driver/Src/stm32f4xx_hal_uart.o
 .debug_macro   0x00015a56      0x2f8 ./FATFS/App/fatfs.o
 .debug_macro   0x00015d4e       0xe5 ./FATFS/App/fatfs.o
 .debug_macro   0x00015e33      0x31e ./FATFS/Target/user_diskio.o
 .debug_macro   0x00016151       0x10 ./FATFS/Target/user_diskio.o
 .debug_macro   0x00016161       0x20 ./FATFS/Target/user_diskio.o
 .debug_macro   0x00016181       0x56 ./FATFS/Target/user_diskio.o
 .debug_macro   0x000161d7      0x2e5 ./Middlewares/Third_Party/FatFs/src/ff_gen_drv.o

.debug_line     0x00000000     0xc367
 .debug_line    0x00000000      0xe48 ./Core/Src/fatfs_sd.o
 .debug_line    0x00000e48      0xa5c ./Core/Src/main.o
 .debug_line    0x000018a4      0x7e1 ./Core/Src/stm32f4xx_hal_msp.o
 .debug_line    0x00002085      0x82b ./Core/Src/stm32f4xx_it.o
 .debug_line    0x000028b0      0x7b9 ./Core/Src/system_stm32f4xx.o
 .debug_line    0x00003069       0x7a ./Core/Startup/startup_stm32f401retx.o
 .debug_line    0x000030e3      0xa22 ./Drivers/STM32F4xx_HAL_Driver/Src/stm32f4xx_hal.o
 .debug_line    0x00003b05      0xcea ./Drivers/STM32F4xx_HAL_Driver/Src/stm32f4xx_hal_cortex.o
 .debug_line    0x000047ef      0xb72 ./Drivers/STM32F4xx_HAL_Driver/Src/stm32f4xx_hal_gpio.o
 .debug_line    0x00005361      0xd95 ./Drivers/STM32F4xx_HAL_Driver/Src/stm32f4xx_hal_rcc.o
 .debug_line    0x000060f6     0x1d1d ./Drivers/STM32F4xx_HAL_Driver/Src/stm32f4xx_hal_spi.o
 .debug_line    0x00007e13     0x28f4 ./Drivers/STM32F4xx_HAL_Driver/Src/stm32f4xx_hal_uart.o
 .debug_line    0x0000a707      0x925 ./FATFS/App/fatfs.o
 .debug_line    0x0000b02c      0x989 ./FATFS/Target/user_diskio.o
 .debug_line    0x0000b9b5      0x9b2 ./Middlewares/Third_Party/FatFs/src/ff_gen_drv.o

.debug_str      0x00000000    0x86bfe
 .debug_str     0x00000000    0x80e3c ./Core/Src/fatfs_sd.o
                              0x81140 (size before relaxing)
 .debug_str     0x00080e3c     0x3c83 ./Core/Src/main.o
                              0x84a72 (size before relaxing)
 .debug_str     0x00084abf       0xaa ./Core/Src/stm32f4xx_hal_msp.o
                              0x810db (size before relaxing)
 .debug_str     0x00084b69       0xe2 ./Core/Src/stm32f4xx_it.o
                              0x8099b (size before relaxing)
 .debug_str     0x00084c4b       0xdb ./Core/Src/system_stm32f4xx.o
                              0x8094d (size before relaxing)
 .debug_str     0x00084d26       0x44 ./Core/Startup/startup_stm32f401retx.o
                                 0x92 (size before relaxing)
 .debug_str     0x00084d6a      0x987 ./Drivers/STM32F4xx_HAL_Driver/Src/stm32f4xx_hal.o
                              0x8136f (size before relaxing)
 .debug_str     0x000856f1      0x361 ./Drivers/STM32F4xx_HAL_Driver/Src/stm32f4xx_hal_cortex.o
                              0x810a7 (size before relaxing)
 .debug_str     0x00085a52      0x121 ./Drivers/STM32F4xx_HAL_Driver/Src/stm32f4xx_hal_gpio.o
                              0x80ac8 (size before relaxing)
 .debug_str     0x00085b73      0x233 ./Drivers/STM32F4xx_HAL_Driver/Src/stm32f4xx_hal_rcc.o
                              0x80d81 (size before relaxing)
 .debug_str     0x00085da6      0x574 ./Drivers/STM32F4xx_HAL_Driver/Src/stm32f4xx_hal_spi.o
                              0x811ff (size before relaxing)
 .debug_str     0x0008631a      0x61f ./Drivers/STM32F4xx_HAL_Driver/Src/stm32f4xx_hal_uart.o
                              0x81350 (size before relaxing)
 .debug_str     0x00086939      0x138 ./FATFS/App/fatfs.o
                              0x84272 (size before relaxing)
 .debug_str     0x00086a71       0xd3 ./FATFS/Target/user_diskio.o
                              0x8437f (size before relaxing)
 .debug_str     0x00086b44       0xba ./Middlewares/Third_Party/FatFs/src/ff_gen_drv.o
                              0x841d2 (size before relaxing)

.comment        0x00000000       0x43
 .comment       0x00000000       0x43 ./Core/Src/fatfs_sd.o
                                 0x44 (size before relaxing)
 .comment       0x00000043       0x44 ./Core/Src/main.o
 .comment       0x00000043       0x44 ./Core/Src/stm32f4xx_hal_msp.o
 .comment       0x00000043       0x44 ./Core/Src/stm32f4xx_it.o
 .comment       0x00000043       0x44 ./Core/Src/system_stm32f4xx.o
 .comment       0x00000043       0x44 ./Drivers/STM32F4xx_HAL_Driver/Src/stm32f4xx_hal.o
 .comment       0x00000043       0x44 ./Drivers/STM32F4xx_HAL_Driver/Src/stm32f4xx_hal_cortex.o
 .comment       0x00000043       0x44 ./Drivers/STM32F4xx_HAL_Driver/Src/stm32f4xx_hal_gpio.o
 .comment       0x00000043       0x44 ./Drivers/STM32F4xx_HAL_Driver/Src/stm32f4xx_hal_rcc.o
 .comment       0x00000043       0x44 ./Drivers/STM32F4xx_HAL_Driver/Src/stm32f4xx_hal_spi.o
 .comment       0x00000043       0x44 ./Drivers/STM32F4xx_HAL_Driver/Src/stm32f4xx_hal_uart.o
 .comment       0x00000043       0x44 ./FATFS/App/fatfs.o
 .comment       0x00000043       0x44 ./FATFS/Target/user_diskio.o
 .comment       0x00000043       0x44 ./Middlewares/Third_Party/FatFs/src/ff_gen_drv.o

.debug_frame    0x00000000     0x24fc
 .debug_frame   0x00000000      0x28c ./Core/Src/fatfs_sd.o
 .debug_frame   0x0000028c       0xc4 ./Core/Src/main.o
 .debug_frame   0x00000350       0xc4 ./Core/Src/stm32f4xx_hal_msp.o
 .debug_frame   0x00000414      0x124 ./Core/Src/stm32f4xx_it.o
 .debug_frame   0x00000538       0x58 ./Core/Src/system_stm32f4xx.o
 .debug_frame   0x00000590      0x374 ./Drivers/STM32F4xx_HAL_Driver/Src/stm32f4xx_hal.o
 .debug_frame   0x00000904      0x4b8 ./Drivers/STM32F4xx_HAL_Driver/Src/stm32f4xx_hal_cortex.o
 .debug_frame   0x00000dbc      0x14c ./Drivers/STM32F4xx_HAL_Driver/Src/stm32f4xx_hal_gpio.o
 .debug_frame   0x00000f08      0x1f4 ./Drivers/STM32F4xx_HAL_Driver/Src/stm32f4xx_hal_rcc.o
 .debug_frame   0x000010fc      0x828 ./Drivers/STM32F4xx_HAL_Driver/Src/stm32f4xx_hal_spi.o
 .debug_frame   0x00001924      0x954 ./Drivers/STM32F4xx_HAL_Driver/Src/stm32f4xx_hal_uart.o
 .debug_frame   0x00002278       0x4c ./FATFS/App/fatfs.o
 .debug_frame   0x000022c4       0xc4 ./FATFS/Target/user_diskio.o
 .debug_frame   0x00002388       0xc8 ./Middlewares/Third_Party/FatFs/src/ff_gen_drv.o
 .debug_frame   0x00002450       0x20 C:/ST/STM32CubeIDE_1.13.2/STM32CubeIDE/plugins/com.st.stm32cube.ide.mcu.externaltools.gnu-tools-for-stm32.12.3.rel1.win32_1.0.100.202403111256/tools/bin/../lib/gcc/arm-none-eabi/12.3.1/../../../../arm-none-eabi/lib/thumb/v7e-m+fp/hard\libc_nano.a(libc_a-memset.o)
 .debug_frame   0x00002470       0x2c C:/ST/STM32CubeIDE_1.13.2/STM32CubeIDE/plugins/com.st.stm32cube.ide.mcu.externaltools.gnu-tools-for-stm32.12.3.rel1.win32_1.0.100.202403111256/tools/bin/../lib/gcc/arm-none-eabi/12.3.1/../../../../arm-none-eabi/lib/thumb/v7e-m+fp/hard\libc_nano.a(libc_a-init.o)
 .debug_frame   0x0000249c       0x2c C:/ST/STM32CubeIDE_1.13.2/STM32CubeIDE/plugins/com.st.stm32cube.ide.mcu.externaltools.gnu-tools-for-stm32.12.3.rel1.win32_1.0.100.202403111256/tools/bin/../lib/gcc/arm-none-eabi/12.3.1/thumb/v7e-m+fp/hard\libgcc.a(_aeabi_uldivmod.o)
 .debug_frame   0x000024c8       0x34 C:/ST/STM32CubeIDE_1.13.2/STM32CubeIDE/plugins/com.st.stm32cube.ide.mcu.externaltools.gnu-tools-for-stm32.12.3.rel1.win32_1.0.100.202403111256/tools/bin/../lib/gcc/arm-none-eabi/12.3.1/thumb/v7e-m+fp/hard\libgcc.a(_udivmoddi4.o)

.debug_line_str
                0x00000000       0x76
 .debug_line_str
                0x00000000       0x76 ./Core/Startup/startup_stm32f401retx.o
